Microchip MPLAB XC8 Compiler V2.00 ()

Linker command line:

-W-3 --edf=C:\Program Files (x86)\Microchip\xc8\v2.00\pic\dat\en_msgs.txt \
  -cs -h+dist/default/production\Monitor_Temperatura.production.sym \
  --cmf=dist/default/production\Monitor_Temperatura.production.cmf -z \
  -Q16F887 -oC:\Users\21193444\AppData\Local\Temp\s40k.2 \
  -Mdist/default/production/Monitor_Temperatura.production.map -E1 -ver=XC8 \
  --acfsm=1493 -ASTACK=0110h-016fh -pstack=STACK -ACODE=00h-07FFhx4 \
  -ASTRCODE=00h-01FFFh -ASTRING=00h-0FFhx32 -ACONST=00h-0FFhx32 \
  -AENTRY=00h-0FFhx32 -ACOMMON=070h-07Fh -ABANK0=020h-06Fh \
  -ABANK1=0A0h-0EFh -ABANK2=0110h-016Fh -ABANK3=0190h-01EFh \
  -ARAM=020h-06Fh,0A0h-0EFh,0110h-016Fh,0190h-01EFh \
  -AABS1=020h-07Fh,0A0h-0EFh,0110h-016Fh,0190h-01EFh -ASFR0=00h-01Fh \
  -ASFR1=080h-09Fh -ASFR2=0100h-010Fh -ASFR3=0180h-018Fh \
  -preset_vec=00h,intentry,init,end_init -ppowerup=CODE -pcinit=CODE \
  -pfunctab=ENTRY -ACONFIG=02007h-02008h -pconfig=CONFIG -DCONFIG=2 \
  -AIDLOC=02000h-02003h -pidloc=IDLOC -DIDLOC=2 -AEEDATA=00h-0FFh/02100h \
  -peeprom_data=EEDATA -DEEDATA=2 -DCODE=2 -DSTRCODE=2 -DSTRING=2 -DCONST=2 \
  -DENTRY=2 -k C:\Users\21193444\AppData\Local\Temp\s40k.o \
  dist/default/production\Monitor_Temperatura.production.o 

Object code version is 3.11

Machine type is 16F887



                Name                               Link     Load   Length Selector   Space Scale
C:\Users\21193444\AppData\Local\Temp\s40k.o
                end_init                              0        0        3        0       0
                config                             2007     2007        2     400E       0
dist/default/production\Monitor_Temperatura.production.o
                cinit                               7EB      7EB       15      FD6       0
                text31                              C1C      C1C       11     1838       0
                text30                              EBB      EBB       63     1D76       0
                text29                              F1E      F1E       71     1E3C       0
                text28                              F8F      F8F       71     1F1E       0
                text27                                8        8       71       10       0
                text26                               79       79       71       F2       0
                text25                              3A6      3A6       A6      74C       0
                text24                              C8F      C8F       1F     191E       0
                text23                              CAE      CAE       1F     195C       0
                text22                              CCD      CCD       1F     199A       0
                text21                              CEC      CEC       1F     19D8       0
                text20                              15D      15D       7F      2BA       0
                text19                              E6E      E6E       4D     1CDC       0
                text18                               EA       EA       73      1D4       0
                text17                              D33      D33       2E     1A66       0
                text16                              C2D      C2D       13     185A       0
                text15                              51F      51F       EE      A3E       0
                text14                              D61      D61       33     1AC2       0
                text13                              C11      C11        B     1822       0
                text12                              D0B      D0B       28     1A16       0
                text11                              26A      26A       9E      4D4       0
                text10                              308      308       9E      610       0
                text9                               DD9      DD9       49     1BB2       0
                text8                               C40      C40       19     1880       0
                text7                               1DC      1DC       8E      3B8       0
                text6                               D94      D94       45     1B28       0
                text5                               E22      E22       4C     1C44       0
                text4                               44C      44C       D3      898       0
                text3                               C59      C59       1B     18B2       0
                text2                               C74      C74       1B     18E8       0
                text1                                 3        3        5        0       0
                maintext                            60D      60D      1DE      C1A       0
                cstackBANK0                          20       20       32       20       1
                cstackCOMMON                         70       70        E       70       1
                clrtext                             C09      C09        8     1812       0
                bssBANK1                             A0       A0       46       A0       1
                bssBANK0                             52       52        A       20       1
                strings                             800      800       17     1000       0

TOTAL           Name                               Link     Load   Length     Space
        CLASS   STACK          

        CLASS   CODE           
                end_init                              0        0        3         0
                cinit                               7EB      7EB       15         0
                text31                              C1C      C1C       11         0
                text30                              EBB      EBB       63         0
                text29                              F1E      F1E       71         0
                text28                              F8F      F8F       71         0
                text27                                8        8       71         0
                text26                               79       79       71         0
                text25                              3A6      3A6       A6         0
                text24                              C8F      C8F       1F         0
                text23                              CAE      CAE       1F         0
                text22                              CCD      CCD       1F         0
                text21                              CEC      CEC       1F         0
                text20                              15D      15D       7F         0
                text19                              E6E      E6E       4D         0
                text18                               EA       EA       73         0
                text17                              D33      D33       2E         0
                text16                              C2D      C2D       13         0
                text15                              51F      51F       EE         0
                text14                              D61      D61       33         0
                text13                              C11      C11        B         0
                text12                              D0B      D0B       28         0
                text11                              26A      26A       9E         0
                text10                              308      308       9E         0
                text9                               DD9      DD9       49         0
                text8                               C40      C40       19         0
                text7                               1DC      1DC       8E         0
                text6                               D94      D94       45         0
                text5                               E22      E22       4C         0
                text4                               44C      44C       D3         0
                text3                               C59      C59       1B         0
                text2                               C74      C74       1B         0
                text1                                 3        3        5         0
                maintext                            60D      60D      1DE         0
                clrtext                             C09      C09        8         0

        CLASS   STRCODE        

        CLASS   STRING         
                strings                             800      800       17         0

        CLASS   CONST          

        CLASS   ENTRY          

        CLASS   COMMON         
                cstackCOMMON                         70       70        E         1

        CLASS   BANK0          
                cstackBANK0                          20       20       32         1
                bssBANK0                             52       52        A         1

        CLASS   BANK1          
                bssBANK1                             A0       A0       46         1

        CLASS   BANK2          

        CLASS   BANK3          

        CLASS   RAM            

        CLASS   ABS1           
                abs_s1                               7E       7E        2         1

        CLASS   SFR0           

        CLASS   SFR1           

        CLASS   SFR2           

        CLASS   SFR3           

        CLASS   CONFIG         
                config                             2007     2007        2         0

        CLASS   IDLOC          

        CLASS   EEDATA         



SEGMENTS        Name                           Load    Length   Top    Selector   Space  Class     Delta

                reset_vec                      000000  000008  000008         0       0  CODE        2
                text27                         000008  000071  000079        10       0  CODE        2
                cstackBANK0                    000020  00003C  00005C        20       1  BANK0       1
                cstackCOMMON                   000070  00000E  00007E        70       1  COMMON      1
                bssBANK1                       0000A0  000046  0000E6        A0       1  BANK1       1
                text26                         000079  000071  0000EA        F2       0  CODE        2
                text18                         0000EA  000073  00015D       1D4       0  CODE        2
                text20                         00015D  00007F  0001DC       2BA       0  CODE        2
                text7                          0001DC  00008E  00026A       3B8       0  CODE        2
                text11                         00026A  00009E  000308       4D4       0  CODE        2
                text10                         000308  00009E  0003A6       610       0  CODE        2
                text25                         0003A6  0000A6  00044C       74C       0  CODE        2
                text4                          00044C  0000D3  00051F       898       0  CODE        2
                text15                         00051F  0000EE  00060D       A3E       0  CODE        2
                maintext                       00060D  0001DE  0007EB       C1A       0  CODE        2
                cinit                          0007EB  000015  000800       FD6       0  CODE        2
                strings                        000800  000017  000817      1000       0  STRING      2
                clrtext                        000C09  000008  000C11      1812       0  CODE        2
                text13                         000C11  00000B  000C1C      1822       0  CODE        2
                text31                         000C1C  000011  000C2D      1838       0  CODE        2
                text16                         000C2D  000013  000C40      185A       0  CODE        2
                text8                          000C40  000019  000C59      1880       0  CODE        2
                text3                          000C59  00001B  000C74      18B2       0  CODE        2
                text2                          000C74  00001B  000C8F      18E8       0  CODE        2
                text24                         000C8F  00001F  000CAE      191E       0  CODE        2
                text23                         000CAE  00001F  000CCD      195C       0  CODE        2
                text22                         000CCD  00001F  000CEC      199A       0  CODE        2
                text21                         000CEC  00001F  000D0B      19D8       0  CODE        2
                text12                         000D0B  000028  000D33      1A16       0  CODE        2
                text17                         000D33  00002E  000D61      1A66       0  CODE        2
                text14                         000D61  000033  000D94      1AC2       0  CODE        2
                text6                          000D94  000045  000DD9      1B28       0  CODE        2
                text9                          000DD9  000049  000E22      1BB2       0  CODE        2
                text5                          000E22  00004C  000E6E      1C44       0  CODE        2
                text19                         000E6E  00004D  000EBB      1CDC       0  CODE        2
                text30                         000EBB  000063  000F1E      1D76       0  CODE        2
                text29                         000F1E  000071  000F8F      1E3C       0  CODE        2
                text28                         000F8F  000071  001000      1F1E       0  CODE        2
                config                         002007  000002  002009      400E       0  CONFIG      2


UNUSED ADDRESS RANGES

        Name                Unused          Largest block    Delta
        BANK0            005C-006F             14           1
        BANK1            00E6-00EF              A           1
        BANK2            0110-016F             60           1
        BANK3            0190-01EF             60           1
        CODE             0817-0C08            3F2           2
                         1000-1FFF            800
        CONST            0817-0C08            100           2
                         1000-1FFF            100
        EEDATA           2100-21FF            100           2
        ENTRY            0817-0C08            100           2
                         1000-1FFF            100
        IDLOC            2000-2003              4           2
        RAM              005C-006F             14           1
                         00E6-00EF              A
                         0110-016F             60
                         0190-01EF             60
        SFR0             0000-001F             20           1
        SFR1             0080-009F             20           1
        SFR2             0100-010F             10           1
        SFR3             0180-018F             10           1
        STACK            0110-016F             60           1
        STRCODE          0817-0C08            3F2           2
                         1000-1FFF           1000
        STRING           0817-0C08            100           2
                         1000-1FFF            100

                                  Symbol Table

?_ADC_read                          cstackCOMMON 0070
?___aldiv                           cstackCOMMON 0070
?___awdiv                           cstackCOMMON 0076
?___awmod                           cstackCOMMON 0070
?___lmul                            cstackBANK0  0020
?___wmul                            cstackCOMMON 0070
?_fmm_media                         cstackBANK0  0026
?_fmm_media1                        cstackBANK0  0026
?_fmm_media2                        cstackBANK0  0026
?_fmm_media3                        cstackBANK0  0026
ADC_read@Valor_ADC                  cstackCOMMON 0076
ADC_read@canais                     cstackCOMMON 0078
_ADCON0bits                         (abs)        001F
_ADCON1bits                         (abs)        009F
_ADC_read                           text6        0D94
_ADC_read$99                        cstackCOMMON 0074
_ADRESH                             (abs)        001E
_ADRESL                             (abs)        009E
_ANSEL                              (abs)        0188
_PORTBbits                          (abs)        0006
_PORTCbits                          (abs)        0007
_PORTD                              (abs)        0008
_PORTDbits                          (abs)        0008
_TRISBbits                          (abs)        0086
_TRISCbits                          (abs)        0087
_TRISDbits                          (abs)        0088
__CFG_BOR4V$BOR40V                  (abs)        0000
__CFG_BOREN$OFF                     (abs)        0000
__CFG_CP$OFF                        (abs)        0000
__CFG_CPD$OFF                       (abs)        0000
__CFG_FCMEN$OFF                     (abs)        0000
__CFG_FOSC$HS                       (abs)        0000
__CFG_IESO$OFF                      (abs)        0000
__CFG_LVP$OFF                       (abs)        0000
__CFG_MCLRE$OFF                     (abs)        0000
__CFG_PWRTE$OFF                     (abs)        0000
__CFG_WDTE$OFF                      (abs)        0000
__CFG_WRT$OFF                       (abs)        0000
__Habs1                             abs1         0000
__Hbank0                            bank0        0000
__Hbank1                            bank1        0000
__Hbank2                            bank2        0000
__Hbank3                            bank3        0000
__HbssBANK0                         bssBANK0     0000
__HbssBANK1                         bssBANK1     0000
__Hcinit                            cinit        0800
__Hclrtext                          clrtext      0000
__Hcode                             code         0000
__Hcommon                           common       0000
__Hconfig                           config       2009
__HcstackBANK0                      cstackBANK0  0000
__HcstackCOMMON                     cstackCOMMON 0000
__Heeprom_data                      eeprom_data  0000
__Hend_init                         end_init     0003
__Hfunctab                          functab      0000
__Hidloc                            idloc        0000
__Hinit                             init         0000
__Hintentry                         intentry     0000
__Hmaintext                         maintext     0000
__Hpowerup                          powerup      0000
__Hram                              ram          0000
__Hreset_vec                        reset_vec    0000
__Hsfr0                             sfr0         0000
__Hsfr1                             sfr1         0000
__Hsfr2                             sfr2         0000
__Hsfr3                             sfr3         0000
__Hspace_0                          (abs)        2009
__Hspace_1                          (abs)        00E6
__Hspace_2                          (abs)        0000
__Hspace_3                          (abs)        0000
__Hstack                            stack        0000
__Hstrings                          strings      0000
__Htext                             text         0000
__Labs1                             abs1         0000
__Lbank0                            bank0        0000
__Lbank1                            bank1        0000
__Lbank2                            bank2        0000
__Lbank3                            bank3        0000
__LbssBANK0                         bssBANK0     0000
__LbssBANK1                         bssBANK1     0000
__Lcinit                            cinit        07EB
__Lclrtext                          clrtext      0000
__Lcode                             code         0000
__Lcommon                           common       0000
__Lconfig                           config       2007
__LcstackBANK0                      cstackBANK0  0000
__LcstackCOMMON                     cstackCOMMON 0000
__Leeprom_data                      eeprom_data  0000
__Lend_init                         end_init     0000
__Lfunctab                          functab      0000
__Lidloc                            idloc        0000
__Linit                             init         0000
__Lintentry                         intentry     0000
__Lmaintext                         maintext     0000
__Lpowerup                          powerup      0000
__Lram                              ram          0000
__Lreset_vec                        reset_vec    0000
__Lsfr0                             sfr0         0000
__Lsfr1                             sfr1         0000
__Lsfr2                             sfr2         0000
__Lsfr3                             sfr3         0000
__Lspace_0                          (abs)        0000
__Lspace_1                          (abs)        0000
__Lspace_2                          (abs)        0000
__Lspace_3                          (abs)        0000
__Lstack                            stack        0000
__Lstrings                          strings      0000
__Ltext                             text         0000
__S0                                (abs)        2009
__S1                                (abs)        00E6
__S2                                (abs)        0000
__S3                                (abs)        0000
___aldiv                            text25       03A6
___aldiv@counter                    cstackBANK0  0020
___aldiv@dividend                   cstackCOMMON 0074
___aldiv@divisor                    cstackCOMMON 0070
___aldiv@quotient                   cstackBANK0  0022
___aldiv@sign                       cstackBANK0  0021
___awdiv                            text18       00EA
___awdiv@counter                    cstackBANK0  0020
___awdiv@dividend                   cstackCOMMON 0078
___awdiv@divisor                    cstackCOMMON 0076
___awdiv@quotient                   cstackBANK0  0022
___awdiv@sign                       cstackBANK0  0021
___awmod                            text30       0EBB
___awmod@counter                    cstackCOMMON 0075
___awmod@dividend                   cstackCOMMON 0072
___awmod@divisor                    cstackCOMMON 0070
___awmod@sign                       cstackCOMMON 0076
___bmul                             text8        0C40
___bmul@multiplicand                cstackCOMMON 0070
___bmul@multiplier                  cstackCOMMON 0073
___bmul@product                     cstackCOMMON 0072
___int_sp                           stack        0000
___latbits                          (abs)        0002
___lmul                             text5        0E22
___lmul@multiplicand                cstackBANK0  0024
___lmul@multiplier                  cstackBANK0  0020
___lmul@product                     cstackCOMMON 007A
___sp                               stack        0000
___wmul                             text12       0D0B
___wmul@multiplicand                cstackCOMMON 0072
___wmul@multiplier                  cstackCOMMON 0070
___wmul@product                     cstackCOMMON 0074
__end_of_ADC_read                   text6        0DD9
__end_of___aldiv                    text25       044C
__end_of___awdiv                    text18       015D
__end_of___awmod                    text30       0F1E
__end_of___bmul                     text8        0C59
__end_of___lmul                     text5        0E6E
__end_of___wmul                     text12       0D33
__end_of__initialization            cinit        07FC
__end_of__stringtab                 strings      0806
__end_of_analog_init                text31       0C2D
__end_of_fmm_add                    text29       0F8F
__end_of_fmm_add1                   text28       1000
__end_of_fmm_add2                   text27       0079
__end_of_fmm_add3                   text26       00EA
__end_of_fmm_media                  text24       0CAE
__end_of_fmm_media1                 text23       0CCD
__end_of_fmm_media2                 text22       0CEC
__end_of_fmm_media3                 text21       0D0B
__end_of_lcd_data                   text17       0D61
__end_of_lcd_init                   text19       0EBB
__end_of_lcd_inst                   text20       01DC
__end_of_lcd_lincol                 text16       0C40
__end_of_lcd_num                    text15       060D
__end_of_lcd_print                  text14       0D94
__end_of_led_init                   text13       0C1C
__end_of_led_monitorar              text9        0E22
__end_of_main                       maintext     07EB
__end_of_sensor_alert               text11       0308
__end_of_sensor_danger              text10       03A6
__end_of_sensor_init                text7        026A
__end_of_sensor_readAll             text4        051F
__end_of_tecla_decrementar_descida  text3        0C74
__end_of_tecla_incrementar_subida   text2        0C8F
__end_of_teclas_init                text1        0008
__initialization                    cinit        07EB
__pbssBANK0                         bssBANK0     0052
__pbssBANK1                         bssBANK1     00A0
__pcstackBANK0                      cstackBANK0  0020
__pcstackCOMMON                     cstackCOMMON 0070
__pmaintext                         maintext     060D
__pstrings                          strings      0800
__ptext1                            text1        0003
__ptext10                           text10       0308
__ptext11                           text11       026A
__ptext12                           text12       0D0B
__ptext13                           text13       0C11
__ptext14                           text14       0D61
__ptext15                           text15       051F
__ptext16                           text16       0C2D
__ptext17                           text17       0D33
__ptext18                           text18       00EA
__ptext19                           text19       0E6E
__ptext2                            text2        0C74
__ptext20                           text20       015D
__ptext21                           text21       0CEC
__ptext22                           text22       0CCD
__ptext23                           text23       0CAE
__ptext24                           text24       0C8F
__ptext25                           text25       03A6
__ptext26                           text26       0079
__ptext27                           text27       0008
__ptext28                           text28       0F8F
__ptext29                           text29       0F1E
__ptext3                            text3        0C59
__ptext30                           text30       0EBB
__ptext31                           text31       0C1C
__ptext4                            text4        044C
__ptext5                            text5        0E22
__ptext6                            text6        0D94
__ptext7                            text7        01DC
__ptext8                            text8        0C40
__ptext9                            text9        0DD9
__size_of_ADC_read                  (abs)        0000
__size_of___aldiv                   (abs)        0000
__size_of___awdiv                   (abs)        0000
__size_of___awmod                   (abs)        0000
__size_of___bmul                    (abs)        0000
__size_of___lmul                    (abs)        0000
__size_of___wmul                    (abs)        0000
__size_of_analog_init               (abs)        0000
__size_of_fmm_add                   (abs)        0000
__size_of_fmm_add1                  (abs)        0000
__size_of_fmm_add2                  (abs)        0000
__size_of_fmm_add3                  (abs)        0000
__size_of_fmm_media                 (abs)        0000
__size_of_fmm_media1                (abs)        0000
__size_of_fmm_media2                (abs)        0000
__size_of_fmm_media3                (abs)        0000
__size_of_lcd_data                  (abs)        0000
__size_of_lcd_init                  (abs)        0000
__size_of_lcd_inst                  (abs)        0000
__size_of_lcd_lincol                (abs)        0000
__size_of_lcd_num                   (abs)        0000
__size_of_lcd_print                 (abs)        0000
__size_of_led_init                  (abs)        0000
__size_of_led_monitorar             (abs)        0000
__size_of_main                      (abs)        0000
__size_of_sensor_alert              (abs)        0000
__size_of_sensor_danger             (abs)        0000
__size_of_sensor_init               (abs)        0000
__size_of_sensor_readAll            (abs)        0000
__size_of_tecla_decrementar_descida (abs)        0000
__size_of_tecla_incrementar_subida  (abs)        0000
__size_of_teclas_init               (abs)        0000
__stringbase                        strings      0805
__stringtab                         strings      0800
_acc_temp                           bssBANK0     0052
_analog_init                        text31       0C1C
_canal                              bssBANK0     0058
_decrementar_anterior               bssBANK0     005A
_fmm_add                            text29       0F1E
_fmm_add1                           text28       0F8F
_fmm_add2                           text27       0008
_fmm_add3                           text26       0079
_fmm_media                          text24       0C8F
_fmm_media1                         text23       0CAE
_fmm_media2                         text22       0CCD
_fmm_media3                         text21       0CEC
_fmm_temp                           bssBANK1     00A0
_fmm_temp_indice                    bssBANK0     0056
_incrementar_anterior               bssBANK0     005B
_lcd_data                           text17       0D33
_lcd_init                           text19       0E6E
_lcd_inst                           text20       015D
_lcd_lincol                         text16       0C2D
_lcd_num                            text15       051F
_lcd_print                          text14       0D61
_led_init                           text13       0C11
_led_monitorar                      text9        0DD9
_main                               maintext     060D
_sensor                             bssBANK1     00B6
_sensor_alert                       text11       026A
_sensor_danger                      text10       0308
_sensor_init                        text7        01DC
_sensor_readAll                     text4        044C
_tecla_decrementar_descida          text3        0C59
_tecla_incrementar_subida           text2        0C74
_teclas_init                        text1        0003
btemp                               (abs)        007E
clear_ram0                          clrtext      0C09
end_of_initialization               cinit        07FC
fmm_add1@i                          cstackCOMMON 0079
fmm_add1@valor                      cstackCOMMON 0077
fmm_add2@i                          cstackCOMMON 0079
fmm_add2@valor                      cstackCOMMON 0077
fmm_add3@i                          cstackCOMMON 0079
fmm_add3@valor                      cstackCOMMON 0077
fmm_add@i                           cstackCOMMON 0079
fmm_add@valor                       cstackCOMMON 0077
intlevel0                           functab      0000
intlevel1                           functab      0000
intlevel2                           functab      0000
intlevel3                           functab      0000
intlevel4                           functab      0000
intlevel5                           functab      0000
lcd_data@d                          cstackCOMMON 0072
lcd_inst@i                          cstackCOMMON 0072
lcd_lincol@col                      cstackCOMMON 0073
lcd_lincol@lin                      cstackCOMMON 0075
lcd_num@col                         cstackBANK0  0028
lcd_num@div                         cstackBANK0  002F
lcd_num@lin                         cstackBANK0  002C
lcd_num@num                         cstackBANK0  0029
lcd_num@sinal                       cstackBANK0  002E
lcd_num@size                        cstackBANK0  002D
lcd_num@tam                         cstackBANK0  002B
lcd_print@col                       cstackCOMMON 0076
lcd_print@lin                       cstackCOMMON 007A
lcd_print@pos                       cstackCOMMON 0079
lcd_print@str                       cstackCOMMON 0077
led_monitorar@ptr                   cstackBANK0  0029
main@i                              cstackBANK0  0051
main@refresh                        cstackBANK0  004D
reset_vec                           reset_vec    0000
sensor_alert@max                    cstackBANK0  0026
sensor_alert@min                    cstackBANK0  0024
sensor_alert@ptr                    cstackBANK0  0028
sensor_danger@max                   cstackBANK0  0026
sensor_danger@min                   cstackBANK0  0024
sensor_danger@ptr                   cstackBANK0  0028
sensor_init@aceitavel               cstackCOMMON 007B
sensor_init@alvo                    cstackCOMMON 0079
sensor_init@ch                      cstackCOMMON 0074
sensor_init@ptr                     cstackCOMMON 007D
sensor_init@tmax                    cstackCOMMON 0077
sensor_init@tmin                    cstackCOMMON 0075
sensor_init@toleravel               cstackCOMMON 007C
sensor_readAll@i                    cstackBANK0  0049
sensor_readAll@n                    cstackBANK0  0028
sensor_readAll@ptr                  cstackBANK0  0048
stackhi                             (abs)        0000
stacklo                             (abs)        0000
start                               init         0000
start_initialization                cinit        07EB
wtemp0                              (abs)        007E


FUNCTION INFORMATION:

 *************** function _main *****************
 Defined at:
		line 21 in file "main.c"
 Parameters:    Size  Location     Type
		None
 Auto vars:     Size  Location     Type
  i               1   49[BANK0 ] unsigned char 
  refresh         4   45[BANK0 ] long 
 Return value:  Size  Location     Type
                  1    wreg      void 
 Registers used:
		wreg, fsr0l, fsr0h, status,2, status,0, btemp+1, pclath, cstack
 Tracked objects:
		On entry : 
		On exit  : 
		Unchanged: 
 Data sizes:     COMMON   BANK0   BANK1   BANK3   BANK2
      Params:         0       0       0       0       0
      Locals:         0       5       0       0       0
      Temps:          0       3       0       0       0
      Totals:         0       8       0       0       0
Total ram usage:        8 bytes
 Hardware stack levels required when called:    3
 This function calls:
		___bmul
		_analog_init
		_fmm_add
		_fmm_add1
		_fmm_add2
		_fmm_add3
		_fmm_media
		_fmm_media1
		_fmm_media2
		_fmm_media3
		_lcd_init
		_lcd_num
		_lcd_print
		_led_init
		_led_monitorar
		_sensor_init
		_sensor_readAll
		_tecla_decrementar_descida
		_tecla_incrementar_subida
		_teclas_init
 This function is called by:
		Startup code after reset
 This function uses a non-reentrant model


 *************** function _teclas_init *****************
 Defined at:
		line 19 in file "teclas.c"
 Parameters:    Size  Location     Type
		None
 Auto vars:     Size  Location     Type
		None
 Return value:  Size  Location     Type
                  1    wreg      void 
 Registers used:
		None
 Tracked objects:
		On entry : 
		On exit  : 
		Unchanged: 
 Data sizes:     COMMON   BANK0   BANK1   BANK3   BANK2
      Params:         0       0       0       0       0
      Locals:         0       0       0       0       0
      Temps:          0       0       0       0       0
      Totals:         0       0       0       0       0
Total ram usage:        0 bytes
 Hardware stack levels used:    1
 This function calls:
		Nothing
 This function is called by:
		_main
 This function uses a non-reentrant model


 *************** function _tecla_incrementar_subida *****************
 Defined at:
		line 31 in file "teclas.c"
 Parameters:    Size  Location     Type
		None
 Auto vars:     Size  Location     Type
		None
 Return value:  Size  Location     Type
                  1    wreg      unsigned char 
 Registers used:
		wreg, status,2, status,0
 Tracked objects:
		On entry : 
		On exit  : 
		Unchanged: 
 Data sizes:     COMMON   BANK0   BANK1   BANK3   BANK2
      Params:         0       0       0       0       0
      Locals:         0       0       0       0       0
      Temps:          0       0       0       0       0
      Totals:         0       0       0       0       0
Total ram usage:        0 bytes
 Hardware stack levels used:    1
 This function calls:
		Nothing
 This function is called by:
		_main
 This function uses a non-reentrant model


 *************** function _tecla_decrementar_descida *****************
 Defined at:
		line 79 in file "teclas.c"
 Parameters:    Size  Location     Type
		None
 Auto vars:     Size  Location     Type
		None
 Return value:  Size  Location     Type
                  1    wreg      unsigned char 
 Registers used:
		wreg, status,2, status,0
 Tracked objects:
		On entry : 
		On exit  : 
		Unchanged: 
 Data sizes:     COMMON   BANK0   BANK1   BANK3   BANK2
      Params:         0       0       0       0       0
      Locals:         0       0       0       0       0
      Temps:          0       0       0       0       0
      Totals:         0       0       0       0       0
Total ram usage:        0 bytes
 Hardware stack levels used:    1
 This function calls:
		Nothing
 This function is called by:
		_main
 This function uses a non-reentrant model


 *************** function _sensor_readAll *****************
 Defined at:
		line 25 in file "sensor.c"
 Parameters:    Size  Location     Type
  ptr             1    wreg     PTR struct sensor_t
		 -> sensor(48), 
  n               1    8[BANK0 ] unsigned char 
 Auto vars:     Size  Location     Type
  ptr             1   40[BANK0 ] PTR struct sensor_t
		 -> sensor(48), 
  i               1   41[BANK0 ] unsigned char 
 Return value:  Size  Location     Type
                  1    wreg      void 
 Registers used:
		wreg, fsr0l, fsr0h, status,2, status,0, pclath, cstack
 Tracked objects:
		On entry : 
		On exit  : 
		Unchanged: 
 Data sizes:     COMMON   BANK0   BANK1   BANK3   BANK2
      Params:         0       1       0       0       0
      Locals:         0       2       0       0       0
      Temps:          0      31       0       0       0
      Totals:         0      34       0       0       0
Total ram usage:       34 bytes
 Hardware stack levels used:    1
 Hardware stack levels required when called:    1
 This function calls:
		_ADC_read
		___bmul
		___lmul
 This function is called by:
		_main
 This function uses a non-reentrant model


 *************** function ___lmul *****************
 Defined at:
		line 15 in file "C:\Program Files (x86)\Microchip\xc8\v2.00\pic\sources\c90\common\Umul32.c"
 Parameters:    Size  Location     Type
  multiplier      4    0[BANK0 ] unsigned long 
  multiplicand    4    4[BANK0 ] unsigned long 
 Auto vars:     Size  Location     Type
  product         4   10[COMMON] unsigned long 
 Return value:  Size  Location     Type
                  4    0[BANK0 ] unsigned long 
 Registers used:
		wreg, status,2, status,0
 Tracked objects:
		On entry : 
		On exit  : 
		Unchanged: 
 Data sizes:     COMMON   BANK0   BANK1   BANK3   BANK2
      Params:         0       8       0       0       0
      Locals:         4       0       0       0       0
      Temps:          1       0       0       0       0
      Totals:         5       8       0       0       0
Total ram usage:       13 bytes
 Hardware stack levels used:    1
 This function calls:
		Nothing
 This function is called by:
		_sensor_readAll
		_sensor_read
 This function uses a non-reentrant model


 *************** function _ADC_read *****************
 Defined at:
		line 16 in file "analog.c"
 Parameters:    Size  Location     Type
  canais          1    wreg     unsigned char 
 Auto vars:     Size  Location     Type
  canais          1    8[COMMON] unsigned char 
  Valor_ADC       2    6[COMMON] unsigned int 
 Return value:  Size  Location     Type
                  2    0[COMMON] unsigned int 
 Registers used:
		wreg, status,2, status,0
 Tracked objects:
		On entry : 
		On exit  : 
		Unchanged: 
 Data sizes:     COMMON   BANK0   BANK1   BANK3   BANK2
      Params:         2       0       0       0       0
      Locals:         5       0       0       0       0
      Temps:          2       0       0       0       0
      Totals:         9       0       0       0       0
Total ram usage:        9 bytes
 Hardware stack levels used:    1
 This function calls:
		Nothing
 This function is called by:
		_sensor_readAll
		_sensor_read
 This function uses a non-reentrant model


 *************** function _sensor_init *****************
 Defined at:
		line 9 in file "sensor.c"
 Parameters:    Size  Location     Type
  ptr             1    wreg     PTR struct sensor_t
		 -> sensor(48), 
  ch              1    4[COMMON] unsigned char 
  tmin            2    5[COMMON] int 
  tmax            2    7[COMMON] int 
  alvo            2    9[COMMON] int 
  aceitavel       1   11[COMMON] unsigned char 
  toleravel       1   12[COMMON] unsigned char 
 Auto vars:     Size  Location     Type
  ptr             1   13[COMMON] PTR struct sensor_t
		 -> sensor(48), 
 Return value:  Size  Location     Type
                  1    wreg      void 
 Registers used:
		wreg, fsr0l, fsr0h, status,2, status,0, pclath, cstack
 Tracked objects:
		On entry : 
		On exit  : 
		Unchanged: 
 Data sizes:     COMMON   BANK0   BANK1   BANK3   BANK2
      Params:         9       0       0       0       0
      Locals:         1       0       0       0       0
      Temps:          0       4       0       0       0
      Totals:        10       4       0       0       0
Total ram usage:       14 bytes
 Hardware stack levels used:    1
 Hardware stack levels required when called:    1
 This function calls:
		___bmul
 This function is called by:
		_main
 This function uses a non-reentrant model


 *************** function ___bmul *****************
 Defined at:
		line 4 in file "C:\Program Files (x86)\Microchip\xc8\v2.00\pic\sources\c90\common\Umul8.c"
 Parameters:    Size  Location     Type
  multiplier      1    wreg     unsigned char 
  multiplicand    1    0[COMMON] unsigned char 
 Auto vars:     Size  Location     Type
  multiplier      1    3[COMMON] unsigned char 
  product         1    2[COMMON] unsigned char 
 Return value:  Size  Location     Type
                  1    wreg      unsigned char 
 Registers used:
		wreg, status,2, status,0
 Tracked objects:
		On entry : 
		On exit  : 
		Unchanged: 
 Data sizes:     COMMON   BANK0   BANK1   BANK3   BANK2
      Params:         1       0       0       0       0
      Locals:         2       0       0       0       0
      Temps:          1       0       0       0       0
      Totals:         4       0       0       0       0
Total ram usage:        4 bytes
 Hardware stack levels used:    1
 This function calls:
		Nothing
 This function is called by:
		_sensor_init
		_sensor_readAll
		_main
		_sensor_read
 This function uses a non-reentrant model


 *************** function _led_monitorar *****************
 Defined at:
		line 28 in file "led.c"
 Parameters:    Size  Location     Type
  ptr             1    wreg     PTR struct sensor_t
		 -> sensor(48), 
 Auto vars:     Size  Location     Type
  ptr             1    9[BANK0 ] PTR struct sensor_t
		 -> sensor(48), 
 Return value:  Size  Location     Type
                  1    wreg      void 
 Registers used:
		wreg, fsr0l, fsr0h, status,2, status,0, pclath, cstack
 Tracked objects:
		On entry : 
		On exit  : 
		Unchanged: 
 Data sizes:     COMMON   BANK0   BANK1   BANK3   BANK2
      Params:         0       0       0       0       0
      Locals:         0       1       0       0       0
      Temps:          0       0       0       0       0
      Totals:         0       1       0       0       0
Total ram usage:        1 bytes
 Hardware stack levels used:    1
 Hardware stack levels required when called:    2
 This function calls:
		_sensor_alert
		_sensor_danger
 This function is called by:
		_main
 This function uses a non-reentrant model


 *************** function _sensor_danger *****************
 Defined at:
		line 58 in file "sensor.c"
 Parameters:    Size  Location     Type
  ptr             1    wreg     PTR struct sensor_t
		 -> sensor(48), 
 Auto vars:     Size  Location     Type
  ptr             1    8[BANK0 ] PTR struct sensor_t
		 -> sensor(48), 
  max             2    6[BANK0 ] int 
  min             2    4[BANK0 ] int 
 Return value:  Size  Location     Type
                  1    wreg      unsigned char 
 Registers used:
		wreg, fsr0l, fsr0h, status,2, status,0, pclath, cstack
 Tracked objects:
		On entry : 
		On exit  : 
		Unchanged: 
 Data sizes:     COMMON   BANK0   BANK1   BANK3   BANK2
      Params:         0       0       0       0       0
      Locals:         0       5       0       0       0
      Temps:          3       0       0       0       0
      Totals:         3       5       0       0       0
Total ram usage:        8 bytes
 Hardware stack levels used:    1
 Hardware stack levels required when called:    1
 This function calls:
		___awdiv
		___wmul
 This function is called by:
		_led_monitorar
 This function uses a non-reentrant model


 *************** function _sensor_alert *****************
 Defined at:
		line 44 in file "sensor.c"
 Parameters:    Size  Location     Type
  ptr             1    wreg     PTR struct sensor_t
		 -> sensor(48), 
 Auto vars:     Size  Location     Type
  ptr             1    8[BANK0 ] PTR struct sensor_t
		 -> sensor(48), 
  max             2    6[BANK0 ] int 
  min             2    4[BANK0 ] int 
 Return value:  Size  Location     Type
                  1    wreg      unsigned char 
 Registers used:
		wreg, fsr0l, fsr0h, status,2, status,0, pclath, cstack
 Tracked objects:
		On entry : 
		On exit  : 
		Unchanged: 
 Data sizes:     COMMON   BANK0   BANK1   BANK3   BANK2
      Params:         0       0       0       0       0
      Locals:         0       5       0       0       0
      Temps:          3       0       0       0       0
      Totals:         3       5       0       0       0
Total ram usage:        8 bytes
 Hardware stack levels used:    1
 Hardware stack levels required when called:    1
 This function calls:
		___awdiv
		___wmul
 This function is called by:
		_led_monitorar
 This function uses a non-reentrant model


 *************** function ___wmul *****************
 Defined at:
		line 15 in file "C:\Program Files (x86)\Microchip\xc8\v2.00\pic\sources\c90\common\Umul16.c"
 Parameters:    Size  Location     Type
  multiplier      2    0[COMMON] unsigned int 
  multiplicand    2    2[COMMON] unsigned int 
 Auto vars:     Size  Location     Type
  product         2    4[COMMON] unsigned int 
 Return value:  Size  Location     Type
                  2    0[COMMON] unsigned int 
 Registers used:
		wreg, status,2, status,0
 Tracked objects:
		On entry : 
		On exit  : 
		Unchanged: 
 Data sizes:     COMMON   BANK0   BANK1   BANK3   BANK2
      Params:         4       0       0       0       0
      Locals:         2       0       0       0       0
      Temps:          0       0       0       0       0
      Totals:         6       0       0       0       0
Total ram usage:        6 bytes
 Hardware stack levels used:    1
 This function calls:
		Nothing
 This function is called by:
		_sensor_alert
		_sensor_danger
 This function uses a non-reentrant model


 *************** function _led_init *****************
 Defined at:
		line 9 in file "led.c"
 Parameters:    Size  Location     Type
		None
 Auto vars:     Size  Location     Type
		None
 Return value:  Size  Location     Type
                  1    wreg      void 
 Registers used:
		None
 Tracked objects:
		On entry : 
		On exit  : 
		Unchanged: 
 Data sizes:     COMMON   BANK0   BANK1   BANK3   BANK2
      Params:         0       0       0       0       0
      Locals:         0       0       0       0       0
      Temps:          0       0       0       0       0
      Totals:         0       0       0       0       0
Total ram usage:        0 bytes
 Hardware stack levels used:    1
 This function calls:
		Nothing
 This function is called by:
		_main
 This function uses a non-reentrant model


 *************** function _lcd_print *****************
 Defined at:
		line 168 in file "lcd.c"
 Parameters:    Size  Location     Type
  lin             1    wreg     unsigned char 
  col             1    6[COMMON] unsigned char 
  str             1    7[COMMON] PTR const unsigned char 
		 -> STR_1(17), 
 Auto vars:     Size  Location     Type
  lin             1   10[COMMON] unsigned char 
  pos             1    9[COMMON] unsigned char 
 Return value:  Size  Location     Type
                  1    wreg      void 
 Registers used:
		wreg, fsr0l, fsr0h, status,2, status,0, pclath, cstack
 Tracked objects:
		On entry : 
		On exit  : 
		Unchanged: 
 Data sizes:     COMMON   BANK0   BANK1   BANK3   BANK2
      Params:         2       0       0       0       0
      Locals:         2       0       0       0       0
      Temps:          1       0       0       0       0
      Totals:         5       0       0       0       0
Total ram usage:        5 bytes
 Hardware stack levels used:    1
 Hardware stack levels required when called:    2
 This function calls:
		_lcd_data
		_lcd_lincol
 This function is called by:
		_main
 This function uses a non-reentrant model


 *************** function _lcd_num *****************
 Defined at:
		line 182 in file "lcd.c"
 Parameters:    Size  Location     Type
  lin             1    wreg     unsigned char 
  col             1    8[BANK0 ] unsigned char 
  num             2    9[BANK0 ] int 
  tam             1   11[BANK0 ] unsigned char 
 Auto vars:     Size  Location     Type
  lin             1   12[BANK0 ] unsigned char 
  div             2   15[BANK0 ] int 
  sinal           1   14[BANK0 ] unsigned char 
  size            1   13[BANK0 ] unsigned char 
 Return value:  Size  Location     Type
                  1    wreg      void 
 Registers used:
		wreg, status,2, status,0, btemp+1, pclath, cstack
 Tracked objects:
		On entry : 
		On exit  : 
		Unchanged: 
 Data sizes:     COMMON   BANK0   BANK1   BANK3   BANK2
      Params:         0       4       0       0       0
      Locals:         0       5       0       0       0
      Temps:          3       0       0       0       0
      Totals:         3       9       0       0       0
Total ram usage:       12 bytes
 Hardware stack levels used:    1
 Hardware stack levels required when called:    2
 This function calls:
		___awdiv
		___awmod
		_lcd_data
		_lcd_lincol
 This function is called by:
		_main
 This function uses a non-reentrant model


 *************** function _lcd_lincol *****************
 Defined at:
		line 116 in file "lcd.c"
 Parameters:    Size  Location     Type
  lin             1    wreg     unsigned char 
  col             1    3[COMMON] unsigned char 
 Auto vars:     Size  Location     Type
  lin             1    5[COMMON] unsigned char 
 Return value:  Size  Location     Type
                  1    wreg      void 
 Registers used:
		wreg, status,2, status,0, pclath, cstack
 Tracked objects:
		On entry : 
		On exit  : 
		Unchanged: 
 Data sizes:     COMMON   BANK0   BANK1   BANK3   BANK2
      Params:         1       0       0       0       0
      Locals:         1       0       0       0       0
      Temps:          1       0       0       0       0
      Totals:         3       0       0       0       0
Total ram usage:        3 bytes
 Hardware stack levels used:    1
 Hardware stack levels required when called:    1
 This function calls:
		_lcd_inst
 This function is called by:
		_lcd_print
		_lcd_num
 This function uses a non-reentrant model


 *************** function _lcd_data *****************
 Defined at:
		line 100 in file "lcd.c"
 Parameters:    Size  Location     Type
  d               1    wreg     unsigned char 
 Auto vars:     Size  Location     Type
  d               1    2[COMMON] unsigned char 
 Return value:  Size  Location     Type
                  1    wreg      void 
 Registers used:
		wreg, status,2, status,0
 Tracked objects:
		On entry : 
		On exit  : 
		Unchanged: 
 Data sizes:     COMMON   BANK0   BANK1   BANK3   BANK2
      Params:         0       0       0       0       0
      Locals:         1       0       0       0       0
      Temps:          2       0       0       0       0
      Totals:         3       0       0       0       0
Total ram usage:        3 bytes
 Hardware stack levels used:    1
 This function calls:
		Nothing
 This function is called by:
		_lcd_print
		_lcd_num
 This function uses a non-reentrant model


 *************** function ___awdiv *****************
 Defined at:
		line 5 in file "C:\Program Files (x86)\Microchip\xc8\v2.00\pic\sources\c90\common\awdiv.c"
 Parameters:    Size  Location     Type
  divisor         2    6[COMMON] int 
  dividend        2    8[COMMON] int 
 Auto vars:     Size  Location     Type
  quotient        2    2[BANK0 ] int 
  sign            1    1[BANK0 ] unsigned char 
  counter         1    0[BANK0 ] unsigned char 
 Return value:  Size  Location     Type
                  2    6[COMMON] int 
 Registers used:
		wreg, status,2, status,0
 Tracked objects:
		On entry : 
		On exit  : 
		Unchanged: 
 Data sizes:     COMMON   BANK0   BANK1   BANK3   BANK2
      Params:         4       0       0       0       0
      Locals:         0       4       0       0       0
      Temps:          1       0       0       0       0
      Totals:         5       4       0       0       0
Total ram usage:        9 bytes
 Hardware stack levels used:    1
 This function calls:
		Nothing
 This function is called by:
		_lcd_num
		_sensor_alert
		_sensor_danger
 This function uses a non-reentrant model


 *************** function _lcd_init *****************
 Defined at:
		line 122 in file "lcd.c"
 Parameters:    Size  Location     Type
		None
 Auto vars:     Size  Location     Type
		None
 Return value:  Size  Location     Type
                  1    wreg      void 
 Registers used:
		wreg, status,2, status,0, pclath, cstack
 Tracked objects:
		On entry : 
		On exit  : 
		Unchanged: 
 Data sizes:     COMMON   BANK0   BANK1   BANK3   BANK2
      Params:         0       0       0       0       0
      Locals:         0       0       0       0       0
      Temps:          3       0       0       0       0
      Totals:         3       0       0       0       0
Total ram usage:        3 bytes
 Hardware stack levels used:    1
 Hardware stack levels required when called:    1
 This function calls:
		_lcd_inst
 This function is called by:
		_main
 This function uses a non-reentrant model


 *************** function _lcd_inst *****************
 Defined at:
		line 68 in file "lcd.c"
 Parameters:    Size  Location     Type
  i               1    wreg     unsigned char 
 Auto vars:     Size  Location     Type
  i               1    2[COMMON] unsigned char 
 Return value:  Size  Location     Type
                  1    wreg      void 
 Registers used:
		wreg, status,2, status,0
 Tracked objects:
		On entry : 
		On exit  : 
		Unchanged: 
 Data sizes:     COMMON   BANK0   BANK1   BANK3   BANK2
      Params:         0       0       0       0       0
      Locals:         1       0       0       0       0
      Temps:          2       0       0       0       0
      Totals:         3       0       0       0       0
Total ram usage:        3 bytes
 Hardware stack levels used:    1
 This function calls:
		Nothing
 This function is called by:
		_lcd_lincol
		_lcd_init
		_lcd_clear
 This function uses a non-reentrant model


 *************** function _fmm_media3 *****************
 Defined at:
		line 76 in file "fmm.c"
 Parameters:    Size  Location     Type
		None
 Auto vars:     Size  Location     Type
		None
 Return value:  Size  Location     Type
                  2    6[BANK0 ] int 
 Registers used:
		wreg, status,2, status,0, pclath, cstack
 Tracked objects:
		On entry : 
		On exit  : 
		Unchanged: 
 Data sizes:     COMMON   BANK0   BANK1   BANK3   BANK2
      Params:         0       2       0       0       0
      Locals:         0       0       0       0       0
      Temps:          0       0       0       0       0
      Totals:         0       2       0       0       0
Total ram usage:        2 bytes
 Hardware stack levels used:    1
 Hardware stack levels required when called:    1
 This function calls:
		___aldiv
 This function is called by:
		_main
 This function uses a non-reentrant model


 *************** function _fmm_media2 *****************
 Defined at:
		line 60 in file "fmm.c"
 Parameters:    Size  Location     Type
		None
 Auto vars:     Size  Location     Type
		None
 Return value:  Size  Location     Type
                  2    6[BANK0 ] int 
 Registers used:
		wreg, status,2, status,0, pclath, cstack
 Tracked objects:
		On entry : 
		On exit  : 
		Unchanged: 
 Data sizes:     COMMON   BANK0   BANK1   BANK3   BANK2
      Params:         0       2       0       0       0
      Locals:         0       0       0       0       0
      Temps:          0       0       0       0       0
      Totals:         0       2       0       0       0
Total ram usage:        2 bytes
 Hardware stack levels used:    1
 Hardware stack levels required when called:    1
 This function calls:
		___aldiv
 This function is called by:
		_main
 This function uses a non-reentrant model


 *************** function _fmm_media1 *****************
 Defined at:
		line 44 in file "fmm.c"
 Parameters:    Size  Location     Type
		None
 Auto vars:     Size  Location     Type
		None
 Return value:  Size  Location     Type
                  2    6[BANK0 ] int 
 Registers used:
		wreg, status,2, status,0, pclath, cstack
 Tracked objects:
		On entry : 
		On exit  : 
		Unchanged: 
 Data sizes:     COMMON   BANK0   BANK1   BANK3   BANK2
      Params:         0       2       0       0       0
      Locals:         0       0       0       0       0
      Temps:          0       0       0       0       0
      Totals:         0       2       0       0       0
Total ram usage:        2 bytes
 Hardware stack levels used:    1
 Hardware stack levels required when called:    1
 This function calls:
		___aldiv
 This function is called by:
		_main
 This function uses a non-reentrant model


 *************** function _fmm_media *****************
 Defined at:
		line 28 in file "fmm.c"
 Parameters:    Size  Location     Type
		None
 Auto vars:     Size  Location     Type
		None
 Return value:  Size  Location     Type
                  2    6[BANK0 ] int 
 Registers used:
		wreg, status,2, status,0, pclath, cstack
 Tracked objects:
		On entry : 
		On exit  : 
		Unchanged: 
 Data sizes:     COMMON   BANK0   BANK1   BANK3   BANK2
      Params:         0       2       0       0       0
      Locals:         0       0       0       0       0
      Temps:          0       0       0       0       0
      Totals:         0       2       0       0       0
Total ram usage:        2 bytes
 Hardware stack levels used:    1
 Hardware stack levels required when called:    1
 This function calls:
		___aldiv
 This function is called by:
		_main
 This function uses a non-reentrant model


 *************** function ___aldiv *****************
 Defined at:
		line 5 in file "C:\Program Files (x86)\Microchip\xc8\v2.00\pic\sources\c90\common\aldiv.c"
 Parameters:    Size  Location     Type
  divisor         4    0[COMMON] long 
  dividend        4    4[COMMON] long 
 Auto vars:     Size  Location     Type
  quotient        4    2[BANK0 ] long 
  sign            1    1[BANK0 ] unsigned char 
  counter         1    0[BANK0 ] unsigned char 
 Return value:  Size  Location     Type
                  4    0[COMMON] long 
 Registers used:
		wreg, status,2, status,0
 Tracked objects:
		On entry : 
		On exit  : 
		Unchanged: 
 Data sizes:     COMMON   BANK0   BANK1   BANK3   BANK2
      Params:         8       0       0       0       0
      Locals:         0       6       0       0       0
      Temps:          1       0       0       0       0
      Totals:         9       6       0       0       0
Total ram usage:       15 bytes
 Hardware stack levels used:    1
 This function calls:
		Nothing
 This function is called by:
		_fmm_media
		_fmm_media1
		_fmm_media2
		_fmm_media3
 This function uses a non-reentrant model


 *************** function _fmm_add3 *****************
 Defined at:
		line 65 in file "fmm.c"
 Parameters:    Size  Location     Type
  valor           2    7[COMMON] int 
 Auto vars:     Size  Location     Type
  i               2    9[COMMON] int 
 Return value:  Size  Location     Type
                  2    7[COMMON] int 
 Registers used:
		wreg, fsr0l, fsr0h, status,2, status,0, pclath, cstack
 Tracked objects:
		On entry : 
		On exit  : 
		Unchanged: 
 Data sizes:     COMMON   BANK0   BANK1   BANK3   BANK2
      Params:         2       0       0       0       0
      Locals:         2       0       0       0       0
      Temps:          0       7       0       0       0
      Totals:         4       7       0       0       0
Total ram usage:       11 bytes
 Hardware stack levels used:    1
 Hardware stack levels required when called:    1
 This function calls:
		___awmod
 This function is called by:
		_main
 This function uses a non-reentrant model


 *************** function _fmm_add2 *****************
 Defined at:
		line 49 in file "fmm.c"
 Parameters:    Size  Location     Type
  valor           2    7[COMMON] int 
 Auto vars:     Size  Location     Type
  i               2    9[COMMON] int 
 Return value:  Size  Location     Type
                  2    7[COMMON] int 
 Registers used:
		wreg, fsr0l, fsr0h, status,2, status,0, pclath, cstack
 Tracked objects:
		On entry : 
		On exit  : 
		Unchanged: 
 Data sizes:     COMMON   BANK0   BANK1   BANK3   BANK2
      Params:         2       0       0       0       0
      Locals:         2       0       0       0       0
      Temps:          0       7       0       0       0
      Totals:         4       7       0       0       0
Total ram usage:       11 bytes
 Hardware stack levels used:    1
 Hardware stack levels required when called:    1
 This function calls:
		___awmod
 This function is called by:
		_main
 This function uses a non-reentrant model


 *************** function _fmm_add1 *****************
 Defined at:
		line 33 in file "fmm.c"
 Parameters:    Size  Location     Type
  valor           2    7[COMMON] int 
 Auto vars:     Size  Location     Type
  i               2    9[COMMON] int 
 Return value:  Size  Location     Type
                  2    7[COMMON] int 
 Registers used:
		wreg, fsr0l, fsr0h, status,2, status,0, pclath, cstack
 Tracked objects:
		On entry : 
		On exit  : 
		Unchanged: 
 Data sizes:     COMMON   BANK0   BANK1   BANK3   BANK2
      Params:         2       0       0       0       0
      Locals:         2       0       0       0       0
      Temps:          0       7       0       0       0
      Totals:         4       7       0       0       0
Total ram usage:       11 bytes
 Hardware stack levels used:    1
 Hardware stack levels required when called:    1
 This function calls:
		___awmod
 This function is called by:
		_main
 This function uses a non-reentrant model


 *************** function _fmm_add *****************
 Defined at:
		line 17 in file "fmm.c"
 Parameters:    Size  Location     Type
  valor           2    7[COMMON] int 
 Auto vars:     Size  Location     Type
  i               2    9[COMMON] int 
 Return value:  Size  Location     Type
                  2    7[COMMON] int 
 Registers used:
		wreg, fsr0l, fsr0h, status,2, status,0, pclath, cstack
 Tracked objects:
		On entry : 
		On exit  : 
		Unchanged: 
 Data sizes:     COMMON   BANK0   BANK1   BANK3   BANK2
      Params:         2       0       0       0       0
      Locals:         2       0       0       0       0
      Temps:          0       7       0       0       0
      Totals:         4       7       0       0       0
Total ram usage:       11 bytes
 Hardware stack levels used:    1
 Hardware stack levels required when called:    1
 This function calls:
		___awmod
 This function is called by:
		_main
 This function uses a non-reentrant model


 *************** function ___awmod *****************
 Defined at:
		line 5 in file "C:\Program Files (x86)\Microchip\xc8\v2.00\pic\sources\c90\common\awmod.c"
 Parameters:    Size  Location     Type
  divisor         2    0[COMMON] int 
  dividend        2    2[COMMON] int 
 Auto vars:     Size  Location     Type
  sign            1    6[COMMON] unsigned char 
  counter         1    5[COMMON] unsigned char 
 Return value:  Size  Location     Type
                  2    0[COMMON] int 
 Registers used:
		wreg, status,2, status,0
 Tracked objects:
		On entry : 
		On exit  : 
		Unchanged: 
 Data sizes:     COMMON   BANK0   BANK1   BANK3   BANK2
      Params:         4       0       0       0       0
      Locals:         2       0       0       0       0
      Temps:          1       0       0       0       0
      Totals:         7       0       0       0       0
Total ram usage:        7 bytes
 Hardware stack levels used:    1
 This function calls:
		Nothing
 This function is called by:
		_lcd_num
		_fmm_add
		_fmm_add1
		_fmm_add2
		_fmm_add3
 This function uses a non-reentrant model


 *************** function _analog_init *****************
 Defined at:
		line 7 in file "analog.c"
 Parameters:    Size  Location     Type
		None
 Auto vars:     Size  Location     Type
		None
 Return value:  Size  Location     Type
                  1    wreg      void 
 Registers used:
		wreg, status,2, status,0
 Tracked objects:
		On entry : 
		On exit  : 
		Unchanged: 
 Data sizes:     COMMON   BANK0   BANK1   BANK3   BANK2
      Params:         0       0       0       0       0
      Locals:         0       0       0       0       0
      Temps:          0       0       0       0       0
      Totals:         0       0       0       0       0
Total ram usage:        0 bytes
 Hardware stack levels used:    1
 This function calls:
		Nothing
 This function is called by:
		_main
 This function uses a non-reentrant model



MODULE INFORMATION

Module		Function		Class		Link	Load	Size
sensor.c
		_sensor_readAll		CODE           	044C	0000	212
		_sensor_init   		CODE           	01DC	0000	143
		_sensor_alert  		CODE           	026A	0000	159
		_sensor_danger 		CODE           	0308	0000	159

sensor.c estimated size: 673

C:\Program Files (x86)\Microchip\xc8\v2.00\pic\sources\c90\common\awmod.c
		___awmod       		CODE           	0EBB	0000	100

C:\Program Files (x86)\Microchip\xc8\v2.00\pic\sources\c90\common\awmod.c estimated size: 100

C:\Program Files (x86)\Microchip\xc8\v2.00\pic\sources\c90\common\Umul16.c
		___wmul        		CODE           	0D0B	0000	41

C:\Program Files (x86)\Microchip\xc8\v2.00\pic\sources\c90\common\Umul16.c estimated size: 41

C:\Program Files (x86)\Microchip\xc8\v2.00\pic\sources\c90\common\awdiv.c
		___awdiv       		CODE           	00EA	0000	116

C:\Program Files (x86)\Microchip\xc8\v2.00\pic\sources\c90\common\awdiv.c estimated size: 116

fmm.c
		_fmm_add       		CODE           	0F1E	0000	114
		_fmm_add1      		CODE           	0F8F	0000	114
		_fmm_add2      		CODE           	0008	0000	114
		_fmm_add3      		CODE           	0079	0000	114
		_fmm_media     		CODE           	0C8F	0000	32
		_fmm_media1    		CODE           	0CAE	0000	32
		_fmm_media2    		CODE           	0CCD	0000	32
		_fmm_media3    		CODE           	0CEC	0000	32

fmm.c estimated size: 584

teclas.c
		_tecla_decrementar_descida		CODE           	0C59	0000	28
		_teclas_init   		CODE           	0003	0000	6
		_tecla_incrementar_subida		CODE           	0C74	0000	28

teclas.c estimated size: 62

C:\Program Files (x86)\Microchip\xc8\v2.00\pic\sources\c90\common\Umul32.c
		___lmul        		CODE           	0E22	0000	77

C:\Program Files (x86)\Microchip\xc8\v2.00\pic\sources\c90\common\Umul32.c estimated size: 77

C:\Program Files (x86)\Microchip\xc8\v2.00\pic\sources\c90\common\Umul8.c
		___bmul        		CODE           	0C40	0000	26

C:\Program Files (x86)\Microchip\xc8\v2.00\pic\sources\c90\common\Umul8.c estimated size: 26

shared
		__stringtab    		STRING         	0800	0000	7
		__initialization		CODE           	07EB	0000	18

shared estimated size: 25

lcd.c
		_lcd_data      		CODE           	0D33	0000	47
		_lcd_lincol    		CODE           	0C2D	0000	20
		_lcd_print     		CODE           	0D61	0000	52
		_lcd_inst      		CODE           	015D	0000	128
		_lcd_init      		CODE           	0E6E	0000	78
		_lcd_num       		CODE           	051F	0000	239

lcd.c estimated size: 564

C:\Program Files (x86)\Microchip\xc8\v2.00\pic\sources\c90\common\aldiv.c
		___aldiv       		CODE           	03A6	0000	167

C:\Program Files (x86)\Microchip\xc8\v2.00\pic\sources\c90\common\aldiv.c estimated size: 167

main.c
		_main          		CODE           	060D	0000	479

main.c estimated size: 479

led.c
		_led_init      		CODE           	0C11	0000	12
		_led_monitorar 		CODE           	0DD9	0000	74

led.c estimated size: 86

analog.c
		_ADC_read      		CODE           	0D94	0000	70
		_analog_init   		CODE           	0C1C	0000	18

analog.c estimated size: 88

